Fetching https://docs.londonstockexchange.com/sites/default/files/documents/turquoise-plato-block-discovery-trading-service-description-v2_28.1.pdf
Got   769829 bytes
Pages: 40   Characters: 100549

OK   one predicate, to the matched parties only
OK   nothing reaches anyone else pre-match
OK   the match reveals no counterparty detail
OK   the indication is non-actionable
OK   dishonest firm-up scores zero
OK   honest firm-up scores 50 to 100
OK   events combine by recency
OK   the only enforcement is exclusion
OK   the score is a wire field
OK   a prior sighting  the eligibility floor scales with LIS

10 of 10 verbatim quotes confirmed.

NOTE
  Every quote V3 relies on comes from this document, sections 5.2, 5.3.4 and
  5.3.5. The finding is that the disclosure it specifies (one predicate over
  hidden data, to a recipient set derived from that data) is achieved by an
  operator reading the cleartext, and that honest behaviour afterwards is
  enforced by a recency-weighted reputation score rather than by a proof.
  That is the fifth mechanism, and it is the one nearest our own design.
