Spike 1 stage 2 gas, taken from anvil transaction receipts (cancun, tx gas
limit 15,000,000 to match Hedera's contract call ceiling). No gasleft().
Generated by gasrun.sh; every number is receipt.gasUsed.

deployment                      gas
  Groth16Verifier (1 signal)     345162
  Groth16Verifier (5 signals)    425724
  CappedVerifier                 245705
  GuardedVerifier                342540

generated verifier, unmodified   gas        returns
  valid proof                      214202     true
  A negated (on curve)             214202     false
  wrong public signal              214202     false
  public signal == r               26179      false
  A off curve (1,1)                14766186   false

5 public signals
  valid proof                      241362     true

0x08 modelled as codeless (fail open)
  forged A=(1,1)                   34970      true
  genuine proof                    35702      true

CappedVerifier, bound 200000
  valid proof                      219162     ran=true  ok=true
  A negated                        219162     ran=true  ok=false
  A off curve (1,1)                226556     ran=true  ok=false

GuardedVerifier, on-curve check then capped call, bound 200000
  valid proof                      220450     ran=true  ok=true
  A negated                        220450     ran=true  ok=false
  wrong public signal              220450     ran=true  ok=false
  A off curve (1,1)                25599      ran=true  ok=false
